<!-- wp:flexible-table-block/table {"captionSide":"top"} -->
<figure class="wp-block-flexible-table-block-table"><figcaption style="font-size:20px;line-height:2;padding:1px 2px 3px 4px;text-align:center">Flexible Table Block</figcaption><table class="has-fixed-layout"><tbody><tr><td></td><td></td><td></td></tr><tr><td></td><td></td><td></td></tr><tr><td></td><td></td><td></td></tr></tbody></table></figure>
<!-- /wp:flexible-table-block/table -->