<!-- wp:flexible-table-block/table -->
<figure class="wp-block-flexible-table-block-table"><table class="has-fixed-layout"><thead><tr><th></th><th></th><th class="custom" id="id" headers="headers" scope="row" style="font-size:20px;line-height:2;width:100px;color:#111111;background-color:#333333;padding:1px 2px 3px 4px;border-radius:1px 2px 3px 4px;border-width:1px 2px 3px 4px;border-style:solid dotted dashed double;border-color:#111111 #222222 #333333 #444444;text-align:center;vertical-align:middle"></th></tr></thead><tbody><tr><td></td><td></td><th class="custom" id="id" headers="headers" scope="row" style="font-size:20px;line-height:2;width:100px;color:#111111;background-color:#333333;padding:1px 2px 3px 4px;border-radius:1px 2px 3px 4px;border-width:1px 2px 3px 4px;border-style:solid dotted dashed double;border-color:#111111 #222222 #333333 #444444;text-align:center;vertical-align:middle"></th></tr><tr><td></td><td></td><th class="custom" id="id" headers="headers" scope="row" style="font-size:20px;line-height:2;width:100px;color:#111111;background-color:#333333;padding:1px 2px 3px 4px;border-radius:1px 2px 3px 4px;border-width:1px 2px 3px 4px;border-style:solid dotted dashed double;border-color:#111111 #222222 #333333 #444444;text-align:center;vertical-align:middle"></th></tr><tr><td></td><td></td><th class="custom" id="id" headers="headers" scope="row" style="font-size:20px;line-height:2;width:100px;color:#111111;background-color:#333333;padding:1px 2px 3px 4px;border-radius:1px 2px 3px 4px;border-width:1px 2px 3px 4px;border-style:solid dotted dashed double;border-color:#111111 #222222 #333333 #444444;text-align:center;vertical-align:middle"></th></tr></tbody><tfoot><tr><td></td><td></td><th class="custom" id="id" headers="headers" scope="row" style="font-size:20px;line-height:2;width:100px;color:#111111;background-color:#333333;padding:1px 2px 3px 4px;border-radius:1px 2px 3px 4px;border-width:1px 2px 3px 4px;border-style:solid dotted dashed double;border-color:#111111 #222222 #333333 #444444;text-align:center;vertical-align:middle"></th></tr></tfoot></table></figure>
<!-- /wp:flexible-table-block/table -->