<!-- wp:table {"hasFixedLayout":true} -->
<figure class="wp-block-table"><table class="has-fixed-layout"><tbody><tr><td>Flexible Table Block</td><td></td><td></td></tr><tr><td></td><td></td><td></td></tr><tr><td></td><td></td><td></td></tr></tbody></table></figure>
<!-- /wp:table -->