<!-- wp:table {"hasFixedLayout":true} -->
<figure class="wp-block-table"><table class="has-fixed-layout"><tbody><tr><td></td><td></td><td></td></tr><tr><td></td><td></td><td></td></tr><tr><td></td><td></td><td></td></tr></tbody></table><figcaption class="wp-element-caption">Flexible Table Block</figcaption></figure>
<!-- /wp:table -->