<!-- wp:table -->
<figure class="wp-block-table"><table><tbody><tr><td>Flexible Table Block</td><td></td><td></td><td></td><td></td><td></td></tr><tr><td></td><td></td><td></td><td></td><td></td><td></td></tr><tr><td></td><td></td><td></td><td></td><td></td><td></td></tr></tbody></table></figure>
<!-- /wp:table -->