<!-- wp:flexible-table-block/table {"hasFixedLayout":false} -->
<figure class="wp-block-flexible-table-block-table"><table class=""><tbody><tr><td>Core Table Block</td><td></td></tr><tr><td></td><td></td></tr></tbody></table></figure>
<!-- /wp:flexible-table-block/table -->